// Vitest Snapshot v1, https://vitest.dev/guide/snapshot.html

exports[`App component > mount component 1`] = `"<h1>Hello world!</h1>"`;
